../Core/Src/main.c:60:6:Servo_Write	2
../Core/Src/main.c:112:6:delay_us	2
../Core/Src/main.c:117:9:getHX711	6
../Core/Src/main.c:147:6:calibrate_tare	2
../Core/Src/main.c:158:5:weigh	3
../Core/Src/main.c:179:5:Water_Level	4
../Core/Src/main.c:216:5:loop_adc_read	3
../Core/Src/main.c:251:5:main	8
../Core/Src/main.c:387:6:SystemClock_Config	3
../Core/Src/main.c:434:13:MX_ADC1_Init	3
../Core/Src/main.c:486:13:MX_TIM1_Init	4
../Core/Src/main.c:532:13:MX_TIM2_Init	4
../Core/Src/main.c:581:13:MX_USART1_UART_Init	2
../Core/Src/main.c:614:13:MX_USART2_UART_Init	2
../Core/Src/main.c:647:13:MX_GPIO_Init	1
../Core/Src/main.c:711:6:Error_Handler	1
