../Core/Src/main.c:60:6:Servo_Write	24	static
../Core/Src/main.c:112:6:delay_us	16	static
../Core/Src/main.c:117:9:getHX711	24	static
../Core/Src/main.c:147:6:calibrate_tare	16	static
../Core/Src/main.c:158:5:weigh	40	static
../Core/Src/main.c:179:5:Water_Level	88	static
../Core/Src/main.c:216:5:loop_adc_read	24	static
../Core/Src/main.c:251:5:main	80	static
../Core/Src/main.c:387:6:SystemClock_Config	88	static
../Core/Src/main.c:434:13:MX_ADC1_Init	24	static
../Core/Src/main.c:486:13:MX_TIM1_Init	32	static
../Core/Src/main.c:532:13:MX_TIM2_Init	48	static
../Core/Src/main.c:581:13:MX_USART1_UART_Init	8	static
../Core/Src/main.c:614:13:MX_USART2_UART_Init	8	static
../Core/Src/main.c:647:13:MX_GPIO_Init	48	static
../Core/Src/main.c:711:6:Error_Handler	4	static,ignoring_inline_asm
